<?xml version="1.0" encoding="UTF-8" standalone="no"?><result><result><PERSONA>CALPURNIA, wife to Caesar.</PERSONA><PERSONA>ARTEMIDORUS Of Cnidos, a teacher of rhetoric. </PERSONA><PERSONA>A Soothsayer</PERSONA><PERSONA>CINNA, a poet. </PERSONA><PERSONA>PORTIA, wife to Brutus.</PERSONA><PERSONA>PINDARUS, servant to Cassius.</PERSONA><PERSONA>Senators, Citizens, Guards, Attendants, &amp;c.</PERSONA></result></result>